[     205ms] [INFO] %cDownload the React DevTools for a better development experience: https://react.dev/link/react-devtools font-weight:bold @ http://localhost:3000/_next/static/chunks/node_modules_next_dist_1ybzpk2._.js:2477
[     227ms] [LOG] [HMR] connected @ http://localhost:3000/_next/static/chunks/node_modules_next_dist_1ybzpk2._.js:2477
[     337ms] [WARNING] Image with src "/images/amarshop-logo.png" has either width or height modified, but not the other. If you use CSS to change the size of your image, also include the styles 'width: "auto"' or 'height: "auto"' to maintain the aspect ratio. @ http://localhost:3000/_next/static/chunks/node_modules_next_dist_1ybzpk2._.js:2477
[     343ms] [LOG] [Fast Refresh] rebuilding @ http://localhost:3000/_next/static/chunks/node_modules_next_dist_1ybzpk2._.js:2477
[     521ms] [LOG] [Fast Refresh] done in 278ms @ http://localhost:3000/_next/static/chunks/node_modules_next_dist_1ybzpk2._.js:2477
[   61418ms] TypeError: Failed to execute 'enqueue' on 'ReadableStreamDefaultController': Cannot enqueue a chunk into a readable stream that is closed or has been requested to be closed
    at Array.nextServerDataCallback [as push] (http://localhost:3000/_next/static/chunks/node_modules_next_dist_client_0r5nbpw._.js:15059:37)
    at <anonymous>:1:15
    at eval (eval at <anonymous> (eval at evaluate (:303:30)), <anonymous>:21:12)
    at async eval (eval at evaluate (:303:30), <anonymous>:4:30)
    at async <anonymous>:329:30
[   61418ms] TypeError: Failed to execute 'enqueue' on 'ReadableStreamDefaultController': Cannot enqueue a chunk into a readable stream that is closed or has been requested to be closed
    at Array.nextServerDataCallback [as push] (http://localhost:3000/_next/static/chunks/node_modules_next_dist_client_0r5nbpw._.js:15059:37)
    at <anonymous>:1:15
    at eval (eval at <anonymous> (eval at evaluate (:303:30)), <anonymous>:21:12)
    at async eval (eval at evaluate (:303:30), <anonymous>:4:30)
    at async <anonymous>:329:30
[   61420ms] TypeError: Failed to execute 'enqueue' on 'ReadableStreamDefaultController': Cannot enqueue a chunk into a readable stream that is closed or has been requested to be closed
    at Array.nextServerDataCallback [as push] (http://localhost:3000/_next/static/chunks/node_modules_next_dist_client_0r5nbpw._.js:15059:37)
    at <anonymous>:1:15
    at eval (eval at <anonymous> (eval at evaluate (:303:30)), <anonymous>:21:12)
    at async eval (eval at evaluate (:303:30), <anonymous>:4:30)
    at async <anonymous>:329:30
[   61420ms] TypeError: Failed to execute 'enqueue' on 'ReadableStreamDefaultController': Cannot enqueue a chunk into a readable stream that is closed or has been requested to be closed
    at Array.nextServerDataCallback [as push] (http://localhost:3000/_next/static/chunks/node_modules_next_dist_client_0r5nbpw._.js:15059:37)
    at <anonymous>:1:15
    at eval (eval at <anonymous> (eval at evaluate (:303:30)), <anonymous>:21:12)
    at async eval (eval at evaluate (:303:30), <anonymous>:4:30)
    at async <anonymous>:329:30
[   61420ms] TypeError: Failed to execute 'enqueue' on 'ReadableStreamDefaultController': Cannot enqueue a chunk into a readable stream that is closed or has been requested to be closed
    at Array.nextServerDataCallback [as push] (http://localhost:3000/_next/static/chunks/node_modules_next_dist_client_0r5nbpw._.js:15059:37)
    at <anonymous>:1:15
    at eval (eval at <anonymous> (eval at evaluate (:303:30)), <anonymous>:21:12)
    at async eval (eval at evaluate (:303:30), <anonymous>:4:30)
    at async <anonymous>:329:30
[   61420ms] TypeError: Failed to execute 'enqueue' on 'ReadableStreamDefaultController': Cannot enqueue a chunk into a readable stream that is closed or has been requested to be closed
    at Array.nextServerDataCallback [as push] (http://localhost:3000/_next/static/chunks/node_modules_next_dist_client_0r5nbpw._.js:15059:37)
    at <anonymous>:1:15
    at eval (eval at <anonymous> (eval at evaluate (:303:30)), <anonymous>:21:12)
    at async eval (eval at evaluate (:303:30), <anonymous>:4:30)
    at async <anonymous>:329:30
[   61420ms] TypeError: Failed to execute 'enqueue' on 'ReadableStreamDefaultController': Cannot enqueue a chunk into a readable stream that is closed or has been requested to be closed
    at Array.nextServerDataCallback [as push] (http://localhost:3000/_next/static/chunks/node_modules_next_dist_client_0r5nbpw._.js:15059:37)
    at <anonymous>:1:15
    at eval (eval at <anonymous> (eval at evaluate (:303:30)), <anonymous>:21:12)
    at async eval (eval at evaluate (:303:30), <anonymous>:4:30)
    at async <anonymous>:329:30
[   61420ms] TypeError: Failed to execute 'enqueue' on 'ReadableStreamDefaultController': Cannot enqueue a chunk into a readable stream that is closed or has been requested to be closed
    at Array.nextServerDataCallback [as push] (http://localhost:3000/_next/static/chunks/node_modules_next_dist_client_0r5nbpw._.js:15059:37)
    at <anonymous>:1:15
    at eval (eval at <anonymous> (eval at evaluate (:303:30)), <anonymous>:21:12)
    at async eval (eval at evaluate (:303:30), <anonymous>:4:30)
    at async <anonymous>:329:30
[   61420ms] TypeError: Failed to execute 'enqueue' on 'ReadableStreamDefaultController': Cannot enqueue a chunk into a readable stream that is closed or has been requested to be closed
    at Array.nextServerDataCallback [as push] (http://localhost:3000/_next/static/chunks/node_modules_next_dist_client_0r5nbpw._.js:15059:37)
    at <anonymous>:1:15
    at eval (eval at <anonymous> (eval at evaluate (:303:30)), <anonymous>:21:12)
    at async eval (eval at evaluate (:303:30), <anonymous>:4:30)
    at async <anonymous>:329:30
[   61420ms] TypeError: Failed to execute 'enqueue' on 'ReadableStreamDefaultController': Cannot enqueue a chunk into a readable stream that is closed or has been requested to be closed
    at Array.nextServerDataCallback [as push] (http://localhost:3000/_next/static/chunks/node_modules_next_dist_client_0r5nbpw._.js:15059:37)
    at <anonymous>:1:15
    at eval (eval at <anonymous> (eval at evaluate (:303:30)), <anonymous>:21:12)
    at async eval (eval at evaluate (:303:30), <anonymous>:4:30)
    at async <anonymous>:329:30
[   61420ms] TypeError: Failed to execute 'enqueue' on 'ReadableStreamDefaultController': Cannot enqueue a chunk into a readable stream that is closed or has been requested to be closed
    at Array.nextServerDataCallback [as push] (http://localhost:3000/_next/static/chunks/node_modules_next_dist_client_0r5nbpw._.js:15059:37)
    at <anonymous>:1:15
    at eval (eval at <anonymous> (eval at evaluate (:303:30)), <anonymous>:21:12)
    at async eval (eval at evaluate (:303:30), <anonymous>:4:30)
    at async <anonymous>:329:30
[  111373ms] [INFO] %cDownload the React DevTools for a better development experience: https://react.dev/link/react-devtools font-weight:bold @ http://localhost:3000/_next/static/chunks/node_modules_next_dist_1ybzpk2._.js:2477
[  111394ms] [LOG] [HMR] connected @ http://localhost:3000/_next/static/chunks/node_modules_next_dist_1ybzpk2._.js:2477
[  111456ms] [WARNING] Image with src "/images/amarshop-logo.png" has either width or height modified, but not the other. If you use CSS to change the size of your image, also include the styles 'width: "auto"' or 'height: "auto"' to maintain the aspect ratio. @ http://localhost:3000/_next/static/chunks/node_modules_next_dist_1ybzpk2._.js:2477
